PH family_support NULL C:/Users/superman/Documents/ecen427/SpaceInvaderTestHW2/ModuleSearchPath/archived_ip_repository/ProcessorIPLib/pcores/proc_common_v3_00_a/hdl/vhdl/family_support.vhd sub00/vhpl01 1481043180
EN user_logic NULL C:/Users/superman/Documents/ecen427/SpaceInvaderTestHW2/pcores/dma_v1_00_a/hdl/vhdl/user_logic.vhd sub00/vhpl00 1481042648
PB family_support family_support C:/Users/superman/Documents/ecen427/SpaceInvaderTestHW2/ModuleSearchPath/archived_ip_repository/ProcessorIPLib/pcores/proc_common_v3_00_a/hdl/vhdl/family_support.vhd sub00/vhpl02 1481043181
