AR user_logic imp C:/Users/superman/Documents/ecen427/SpaceInvaderTestHW2/pcores/pitimer_v1_00_a/hdl/vhdl/user_logic.vhd sub00/vhpl01 1478136052
EN user_logic NULL C:/Users/superman/Documents/ecen427/SpaceInvaderTestHW2/pcores/pitimer_v1_00_a/hdl/vhdl/user_logic.vhd sub00/vhpl00 1478136051
EN pit NULL C:/Users/superman/Documents/ecen427/SpaceInvaderTestHW2/pcores/pitimer_v1_00_a/hdl/vhdl/pitimer.vhd sub00/vhpl02 1478136164
