V3 5
FL C:/Users/superman/Documents/ecen427/SpaceInvaderTestHW2/pcores/dma_v1_00_a/hdl/vhdl/user_logic.vhd 2016/12/06.09:53:11 O.87xd
EN work/user_logic 1481043351 \
      FL C:/Users/superman/Documents/ecen427/SpaceInvaderTestHW2/pcores/dma_v1_00_a/hdl/vhdl/user_logic.vhd \
      PB ieee/std_logic_1164 1325952872 PB ieee/std_logic_arith 1325952873 \
      PB ieee/STD_LOGIC_UNSIGNED 1325952875 LB proc_common_v3_00_a \
      PB proc_common_v3_00_a/proc_common_pkg 1481043338 \
      EN proc_common_v3_00_a/srl_fifo_f 1481043349
AR work/user_logic/IMP 1481043352 \
      FL C:/Users/superman/Documents/ecen427/SpaceInvaderTestHW2/pcores/dma_v1_00_a/hdl/vhdl/user_logic.vhd \
      EN work/user_logic 1481043351 CP proc_common_v3_00_a/srl_fifo_f
