EN cntr_incr_decr_addn_f NULL C:/Users/superman/Documents/ecen427/SpaceInvaderTestHW2/ModuleSearchPath/archived_ip_repository/ProcessorIPLib/pcores/proc_common_v3_00_a/hdl/vhdl/cntr_incr_decr_addn_f.vhd sub00/vhpl08 1481043343
AR srl_fifo_rbu_f imp C:/Users/superman/Documents/ecen427/SpaceInvaderTestHW2/ModuleSearchPath/archived_ip_repository/ProcessorIPLib/pcores/proc_common_v3_00_a/hdl/vhdl/srl_fifo_rbu_f.vhd sub00/vhpl13 1481043348
PH family_support NULL C:/Users/superman/Documents/ecen427/SpaceInvaderTestHW2/ModuleSearchPath/archived_ip_repository/ProcessorIPLib/pcores/proc_common_v3_00_a/hdl/vhdl/family_support.vhd sub00/vhpl00 1481043335
PH proc_common_pkg NULL C:/Users/superman/Documents/ecen427/SpaceInvaderTestHW2/ModuleSearchPath/archived_ip_repository/ProcessorIPLib/pcores/proc_common_v3_00_a/hdl/vhdl/proc_common_pkg.vhd sub00/vhpl02 1481043337
AR srl_fifo_f imp C:/Users/superman/Documents/ecen427/SpaceInvaderTestHW2/ModuleSearchPath/archived_ip_repository/ProcessorIPLib/pcores/proc_common_v3_00_a/hdl/vhdl/srl_fifo_f.vhd sub00/vhpl15 1481043350
EN muxf_struct_f NULL C:/Users/superman/Documents/ecen427/SpaceInvaderTestHW2/ModuleSearchPath/archived_ip_repository/ProcessorIPLib/pcores/proc_common_v3_00_a/hdl/vhdl/muxf_struct_f.vhd sub00/vhpl06 1481043341
EN muxf_struct NULL C:/Users/superman/Documents/ecen427/SpaceInvaderTestHW2/ModuleSearchPath/archived_ip_repository/ProcessorIPLib/pcores/proc_common_v3_00_a/hdl/vhdl/muxf_struct_f.vhd sub00/vhpl04 1481043339
PB family_support family_support C:/Users/superman/Documents/ecen427/SpaceInvaderTestHW2/ModuleSearchPath/archived_ip_repository/ProcessorIPLib/pcores/proc_common_v3_00_a/hdl/vhdl/family_support.vhd sub00/vhpl01 1481043336
PB proc_common_pkg proc_common_pkg C:/Users/superman/Documents/ecen427/SpaceInvaderTestHW2/ModuleSearchPath/archived_ip_repository/ProcessorIPLib/pcores/proc_common_v3_00_a/hdl/vhdl/proc_common_pkg.vhd sub00/vhpl03 1481043338
AR muxf_struct_f imp C:/Users/superman/Documents/ecen427/SpaceInvaderTestHW2/ModuleSearchPath/archived_ip_repository/ProcessorIPLib/pcores/proc_common_v3_00_a/hdl/vhdl/muxf_struct_f.vhd sub00/vhpl07 1481043342
AR dynshreg_f behavioral C:/Users/superman/Documents/ecen427/SpaceInvaderTestHW2/ModuleSearchPath/archived_ip_repository/ProcessorIPLib/pcores/proc_common_v3_00_a/hdl/vhdl/dynshreg_f.vhd sub00/vhpl11 1481043346
EN srl_fifo_rbu_f NULL C:/Users/superman/Documents/ecen427/SpaceInvaderTestHW2/ModuleSearchPath/archived_ip_repository/ProcessorIPLib/pcores/proc_common_v3_00_a/hdl/vhdl/srl_fifo_rbu_f.vhd sub00/vhpl12 1481043347
EN srl_fifo_f NULL C:/Users/superman/Documents/ecen427/SpaceInvaderTestHW2/ModuleSearchPath/archived_ip_repository/ProcessorIPLib/pcores/proc_common_v3_00_a/hdl/vhdl/srl_fifo_f.vhd sub00/vhpl14 1481043349
EN dynshreg_f NULL C:/Users/superman/Documents/ecen427/SpaceInvaderTestHW2/ModuleSearchPath/archived_ip_repository/ProcessorIPLib/pcores/proc_common_v3_00_a/hdl/vhdl/dynshreg_f.vhd sub00/vhpl10 1481043345
AR muxf_struct imp C:/Users/superman/Documents/ecen427/SpaceInvaderTestHW2/ModuleSearchPath/archived_ip_repository/ProcessorIPLib/pcores/proc_common_v3_00_a/hdl/vhdl/muxf_struct_f.vhd sub00/vhpl05 1481043340
AR cntr_incr_decr_addn_f imp C:/Users/superman/Documents/ecen427/SpaceInvaderTestHW2/ModuleSearchPath/archived_ip_repository/ProcessorIPLib/pcores/proc_common_v3_00_a/hdl/vhdl/cntr_incr_decr_addn_f.vhd sub00/vhpl09 1481043344
